
   Error  Call to a member function html() on string.

